I'm sorry, but errors were detected in your script. Please correct the
errors listed below, and try again.


File "game/day_zero.rpy", line 166: expected 'label_name_declare' not found.
    label 
         ^

Ren'Py Version: Ren'Py 8.1.1.23060707
Sun Jul 30 09:27:35 2023
